Archive member included to satisfy reference by file (symbol)

/usr/arm-none-eabi/lib//libc.a(libc_a-atexit.o)
                              /usr/lib/gcc/arm-none-eabi/14.1.0/../../../../arm-none-eabi/lib/thumb/v7-m/nofp/crt0.o (atexit)
/usr/arm-none-eabi/lib//libc.a(libc_a-exit.o)
                              /usr/lib/gcc/arm-none-eabi/14.1.0/../../../../arm-none-eabi/lib/thumb/v7-m/nofp/crt0.o (exit)
/usr/arm-none-eabi/lib//libc.a(libc_a-findfp.o)
                              /usr/arm-none-eabi/lib//libc.a(libc_a-exit.o) (__stdio_exit_handler)
/usr/arm-none-eabi/lib//libc.a(libc_a-fwalk.o)
                              /usr/arm-none-eabi/lib//libc.a(libc_a-findfp.o) (_fwalk_sglue)
/usr/arm-none-eabi/lib//libc.a(libc_a-stdio.o)
                              /usr/arm-none-eabi/lib//libc.a(libc_a-findfp.o) (__sread)
/usr/arm-none-eabi/lib//libc.a(libc_a-memset.o)
                              /usr/lib/gcc/arm-none-eabi/14.1.0/../../../../arm-none-eabi/lib/thumb/v7-m/nofp/crt0.o (memset)
/usr/arm-none-eabi/lib//libc.a(libc_a-closer.o)
                              /usr/arm-none-eabi/lib//libc.a(libc_a-stdio.o) (_close_r)
/usr/arm-none-eabi/lib//libc.a(libc_a-reent.o)
                              /usr/arm-none-eabi/lib//libc.a(libc_a-closer.o) (errno)
/usr/arm-none-eabi/lib//libc.a(libc_a-impure.o)
                              /usr/arm-none-eabi/lib//libc.a(libc_a-reent.o) (_impure_ptr)
/usr/arm-none-eabi/lib//libc.a(libc_a-lseekr.o)
                              /usr/arm-none-eabi/lib//libc.a(libc_a-stdio.o) (_lseek_r)
/usr/arm-none-eabi/lib//libc.a(libc_a-readr.o)
                              /usr/arm-none-eabi/lib//libc.a(libc_a-stdio.o) (_read_r)
/usr/arm-none-eabi/lib//libc.a(libc_a-writer.o)
                              /usr/arm-none-eabi/lib//libc.a(libc_a-stdio.o) (_write_r)
/usr/arm-none-eabi/lib//libc.a(libc_a-init.o)
                              /usr/lib/gcc/arm-none-eabi/14.1.0/../../../../arm-none-eabi/lib/thumb/v7-m/nofp/crt0.o (__libc_init_array)
/usr/arm-none-eabi/lib//libc.a(libc_a-fini.o)
                              /usr/lib/gcc/arm-none-eabi/14.1.0/../../../../arm-none-eabi/lib/thumb/v7-m/nofp/crt0.o (__libc_fini_array)
/usr/arm-none-eabi/lib//libc.a(libc_a-lock.o)
                              /usr/arm-none-eabi/lib//libc.a(libc_a-findfp.o) (__retarget_lock_init_recursive)
/usr/arm-none-eabi/lib//libc.a(libc_a-__atexit.o)
                              /usr/arm-none-eabi/lib//libc.a(libc_a-atexit.o) (__register_exitproc)
/usr/arm-none-eabi/lib//libc.a(libc_a-__call_atexit.o)
                              /usr/arm-none-eabi/lib//libc.a(libc_a-exit.o) (__call_exitprocs)
/usr/arm-none-eabi/lib//libc.a(libc_a-freer.o)
                              /usr/arm-none-eabi/lib//libc.a(libc_a-reent.o) (_free_r)
/usr/arm-none-eabi/lib//libc.a(libc_a-mallocr.o)
                              /usr/arm-none-eabi/lib//libc.a(libc_a-findfp.o) (_malloc_r)
/usr/arm-none-eabi/lib//libc.a(libc_a-mlock.o)
                              /usr/arm-none-eabi/lib//libc.a(libc_a-freer.o) (__malloc_lock)
/usr/arm-none-eabi/lib//libc.a(libc_a-fclose.o)
                              /usr/arm-none-eabi/lib//libc.a(libc_a-findfp.o) (_fclose_r)
/usr/arm-none-eabi/lib//libc.a(libc_a-fflush.o)
                              /usr/arm-none-eabi/lib//libc.a(libc_a-fclose.o) (__sflush_r)
/usr/arm-none-eabi/lib//libc.a(libc_a-sbrkr.o)
                              /usr/arm-none-eabi/lib//libc.a(libc_a-freer.o) (_sbrk_r)
/usr/arm-none-eabi/lib//libc.a(libc_a-sysconf.o)
                              /usr/arm-none-eabi/lib//libc.a(libc_a-freer.o) (sysconf)
/usr/arm-none-eabi/lib//libc.a(libc_a-errno.o)
                              /usr/arm-none-eabi/lib//libc.a(libc_a-sysconf.o) (__errno)
/usr/arm-none-eabi/lib//libnosys.a(close.o)
                              /usr/arm-none-eabi/lib//libc.a(libc_a-closer.o) (_close)
/usr/arm-none-eabi/lib//libnosys.a(lseek.o)
                              /usr/arm-none-eabi/lib//libc.a(libc_a-lseekr.o) (_lseek)
/usr/arm-none-eabi/lib//libnosys.a(read.o)
                              /usr/arm-none-eabi/lib//libc.a(libc_a-readr.o) (_read)
/usr/arm-none-eabi/lib//libnosys.a(sbrk.o)
                              /usr/arm-none-eabi/lib//libc.a(libc_a-sbrkr.o) (_sbrk)
/usr/arm-none-eabi/lib//libnosys.a(write.o)
                              /usr/arm-none-eabi/lib//libc.a(libc_a-writer.o) (_write)
/usr/arm-none-eabi/lib//libnosys.a(_exit.o)
                              /usr/arm-none-eabi/lib//libc.a(libc_a-exit.o) (_exit)
/usr/lib/gcc/arm-none-eabi/14.1.0/thumb/v7-m/nofp/libgcc.a(_udivsi3.o)
                              /usr/arm-none-eabi/lib//libc.a(libc_a-freer.o) (__aeabi_uidiv)
/usr/lib/gcc/arm-none-eabi/14.1.0/thumb/v7-m/nofp/libgcc.a(_dvmd_tls.o)
                              /usr/lib/gcc/arm-none-eabi/14.1.0/thumb/v7-m/nofp/libgcc.a(_udivsi3.o) (__aeabi_idiv0)

Discarded input sections

 .text          0x00000000        0x0 /usr/lib/gcc/arm-none-eabi/14.1.0/thumb/v7-m/nofp/crti.o
[...]
Memory Configuration

Name             Origin             Length             Attributes
RAM              0x20000000         0x00030000         xrw
FLASH            0x08000000         0x00080000         xr
*default*        0x00000000         0xffffffff

Linker script and memory map

LOAD /usr/lib/gcc/arm-none-eabi/14.1.0/thumb/v7-m/nofp/crti.o
LOAD /usr/lib/gcc/arm-none-eabi/14.1.0/thumb/v7-m/nofp/crtbegin.o
LOAD /usr/lib/gcc/arm-none-eabi/14.1.0/../../../../arm-none-eabi/lib/thumb/v7-m/nofp/crt0.o
LOAD build/system_stm32f10x.o
LOAD build/main.o
LOAD build/stm32f10x_it.o
LOAD build/core_cm3.o
LOAD build/stm32f10x_exti.o
LOAD build/stm32f10x_cec.o
LOAD build/stm32f10x_wwdg.o
LOAD build/stm32f10x_flash.o
LOAD build/stm32f10x_sdio.o
LOAD build/stm32f10x_pwr.o
LOAD build/stm32f10x_usart.o
LOAD build/stm32f10x_bkp.o
LOAD build/stm32f10x_fsmc.o
LOAD build/stm32f10x_dbgmcu.o
LOAD build/stm32f10x_i2c.o
LOAD build/stm32f10x_spi.o
LOAD build/stm32f10x_adc.o
LOAD build/stm32f10x_gpio.o
LOAD build/stm32f10x_crc.o
LOAD build/stm32f10x_dac.o
LOAD build/stm32f10x_rtc.o
LOAD build/stm32f10x_rcc.o
LOAD build/stm32f10x_tim.o
LOAD build/stm32f10x_can.o
LOAD build/misc.o
LOAD build/stm32f10x_iwdg.o
LOAD build/stm32f10x_dma.o
LOAD build/delay.o
LOAD build/startup_stm32f10x_hd.o
LOAD /usr/arm-none-eabi/lib//libc.a
LOAD /usr/arm-none-eabi/lib//libm.a
LOAD /usr/arm-none-eabi/lib//libnosys.a
START GROUP
LOAD /usr/lib/gcc/arm-none-eabi/14.1.0/thumb/v7-m/nofp/libgcc.a
LOAD /usr/arm-none-eabi/lib//libc.a
END GROUP
LOAD /usr/lib/gcc/arm-none-eabi/14.1.0/thumb/v7-m/nofp/crtend.o
LOAD /usr/lib/gcc/arm-none-eabi/14.1.0/thumb/v7-m/nofp/crtn.o
                0x2003c000                        _estack = 0x2003c000
                0x00000200                        _Min_Heap_Size = 0x200
                0x00000400                        _Min_Stack_Size = 0x400

.isr_vector     0x08000000      0x1e4
                0x08000000                        . = ALIGN (0x4)
 *(.isr_vector)
 .isr_vector    0x08000000      0x1e4 build/startup_stm32f10x_hd.o
                0x08000000                g_pfnVectors
                0x080001e4                        . = ALIGN (0x4)

.text           0x080001e4      0x31c
                0x080001e4                        . = ALIGN (0x4)
 *(.text)
 *(.text*)
 .text.__do_global_dtors_aux
                0x080001e4       0x24 /usr/lib/gcc/arm-none-eabi/14.1.0/thumb/v7-m/nofp/crtbegin.o
 .text.frame_dummy
                0x08000208       0x1c /usr/lib/gcc/arm-none-eabi/14.1.0/thumb/v7-m/nofp/crtbegin.o
 .text.SetSysClockTo72
                0x08000224       0xc4 build/system_stm32f10x.o
 .text.SetSysClock
                0x080002e8        0x8 build/system_stm32f10x.o
 .text.SystemInit
                0x080002f0       0x50 build/system_stm32f10x.o
                0x080002f0                SystemInit
 .text.main     0x08000340        0x2 build/main.o
                0x08000340                main
 .text.NMI_Handler
                0x08000342        0x2 build/stm32f10x_it.o
                0x08000342                NMI_Handler
 .text.HardFault_Handler
                0x08000344        0x2 build/stm32f10x_it.o
                0x08000344                HardFault_Handler
 .text.MemManage_Handler
                0x08000346        0x2 build/stm32f10x_it.o
                0x08000346                MemManage_Handler
 .text.BusFault_Handler
                0x08000348        0x2 build/stm32f10x_it.o
                0x08000348                BusFault_Handler
 .text.UsageFault_Handler
                0x0800034a        0x2 build/stm32f10x_it.o
                0x0800034a                UsageFault_Handler
 .text.SVC_Handler
                0x0800034c        0x2 build/stm32f10x_it.o
                0x0800034c                SVC_Handler
 .text.DebugMon_Handler
                0x0800034e        0x2 build/stm32f10x_it.o
                0x0800034e                DebugMon_Handler
 .text.PendSV_Handler
                0x08000350        0x2 build/stm32f10x_it.o
                0x08000350                PendSV_Handler
 .text.SysTick_Handler
                0x08000352        0x2 build/stm32f10x_it.o
                0x08000352                SysTick_Handler
 .text.Reset_Handler
                0x08000354       0x44 build/startup_stm32f10x_hd.o
                0x08000354                Reset_Handler
 .text.Default_Handler
                0x08000398        0x2 build/startup_stm32f10x_hd.o
                0x08000398                EXTI2_IRQHandler
                0x08000398                TIM8_TRG_COM_IRQHandler
                0x08000398                TIM8_CC_IRQHandler
                0x08000398                TIM1_CC_IRQHandler
                0x08000398                TIM6_IRQHandler
                0x08000398                PVD_IRQHandler
                0x08000398                SDIO_IRQHandler
                0x08000398                EXTI3_IRQHandler
                0x08000398                EXTI0_IRQHandler
                0x08000398                I2C2_EV_IRQHandler
                0x08000398                ADC1_2_IRQHandler
                0x08000398                SPI1_IRQHandler
                0x08000398                TAMPER_IRQHandler
                0x08000398                TIM8_UP_IRQHandler
                0x08000398                DMA2_Channel2_IRQHandler
                0x08000398                DMA1_Channel4_IRQHandler
                0x08000398                USART3_IRQHandler
                0x08000398                RTC_IRQHandler
                0x08000398                DMA1_Channel7_IRQHandler
                0x08000398                CAN1_RX1_IRQHandler
                0x08000398                UART5_IRQHandler
                0x08000398                ADC3_IRQHandler
                0x08000398                TIM4_IRQHandler
                0x08000398                DMA2_Channel1_IRQHandler
                0x08000398                I2C1_EV_IRQHandler
                0x08000398                DMA1_Channel6_IRQHandler
                0x08000398                UART4_IRQHandler
                0x08000398                TIM3_IRQHandler
                0x08000398                RCC_IRQHandler
                0x08000398                TIM1_TRG_COM_IRQHandler
                0x08000398                DMA1_Channel1_IRQHandler
                0x08000398                Default_Handler
                0x08000398                EXTI15_10_IRQHandler
                0x08000398                TIM7_IRQHandler
                0x08000398                TIM5_IRQHandler
                0x08000398                EXTI9_5_IRQHandler
                0x08000398                SPI2_IRQHandler
                0x08000398                DMA1_Channel5_IRQHandler
                0x08000398                EXTI4_IRQHandler
                0x08000398                USB_LP_CAN1_RX0_IRQHandler
                0x08000398                USB_HP_CAN1_TX_IRQHandler
                0x08000398                DMA1_Channel3_IRQHandler
                0x08000398                FSMC_IRQHandler
                0x08000398                TIM1_UP_IRQHandler
                0x08000398                WWDG_IRQHandler
                0x08000398                TIM2_IRQHandler
                0x08000398                TIM1_BRK_IRQHandler
                0x08000398                EXTI1_IRQHandler
                0x08000398                RTCAlarm_IRQHandler
                0x08000398                DMA2_Channel4_5_IRQHandler
                0x08000398                USART2_IRQHandler
                0x08000398                I2C2_ER_IRQHandler
                0x08000398                DMA1_Channel2_IRQHandler
                0x08000398                TIM8_BRK_IRQHandler
                0x08000398                CAN1_SCE_IRQHandler
                0x08000398                FLASH_IRQHandler
                0x08000398                USART1_IRQHandler
                0x08000398                SPI3_IRQHandler
                0x08000398                I2C1_ER_IRQHandler
                0x08000398                USBWakeUp_IRQHandler
                0x08000398                DMA2_Channel3_IRQHandler
 *fill*         0x0800039a        0x2 
 .text.atexit   0x0800039c       0x20 /usr/arm-none-eabi/lib//libc.a(libc_a-atexit.o)
                0x0800039c                atexit
 .text.__libc_fini_array
                0x080003bc       0x44 /usr/arm-none-eabi/lib//libc.a(libc_a-fini.o)
                0x080003bc                __libc_fini_array
 .text.__retarget_lock_acquire_recursive
                0x08000400        0x4 /usr/arm-none-eabi/lib//libc.a(libc_a-lock.o)
                0x08000400                __retarget_lock_acquire_recursive
 .text.__retarget_lock_release_recursive
                0x08000404        0x4 /usr/arm-none-eabi/lib//libc.a(libc_a-lock.o)
                0x08000404                __retarget_lock_release_recursive
 .text.__register_exitproc
                0x08000408       0xb8 /usr/arm-none-eabi/lib//libc.a(libc_a-__atexit.o)
                0x08000408                __register_exitproc
 .text.startup.register_fini
                0x080004c0       0x28 /usr/arm-none-eabi/lib//libc.a(libc_a-__call_atexit.o)
 *(.glue_7)
 .glue_7        0x080004e8        0x0 linker stubs
 *(.glue_7t)
 .glue_7t       0x080004e8        0x0 linker stubs
 *(.eh_frame)
 .eh_frame      0x080004e8        0x0 /usr/lib/gcc/arm-none-eabi/14.1.0/thumb/v7-m/nofp/crtbegin.o
 *(.init)
 .init          0x080004e8        0x4 /usr/lib/gcc/arm-none-eabi/14.1.0/thumb/v7-m/nofp/crti.o
                0x080004e8                _init
 .init          0x080004ec        0x8 /usr/lib/gcc/arm-none-eabi/14.1.0/thumb/v7-m/nofp/crtn.o
 *(.fini)
 .fini          0x080004f4        0x4 /usr/lib/gcc/arm-none-eabi/14.1.0/thumb/v7-m/nofp/crti.o
                0x080004f4                _fini
 .fini          0x080004f8        0x8 /usr/lib/gcc/arm-none-eabi/14.1.0/thumb/v7-m/nofp/crtn.o
                0x08000500                        . = ALIGN (0x4)
                0x08000500                        _etext = .

.vfp11_veneer   0x08000500        0x0
 .vfp11_veneer  0x08000500        0x0 linker stubs

.v4_bx          0x08000500        0x0
 .v4_bx         0x08000500        0x0 linker stubs

.iplt           0x08000500        0x0
 .iplt          0x08000500        0x0 /usr/lib/gcc/arm-none-eabi/14.1.0/thumb/v7-m/nofp/crtbegin.o

.rel.dyn        0x08000500        0x0
 .rel.iplt      0x08000500        0x0 /usr/lib/gcc/arm-none-eabi/14.1.0/thumb/v7-m/nofp/crtbegin.o

.rodata         0x08000500        0x0
                0x08000500                        . = ALIGN (0x4)
 *(.rodata)
 *(.rodata*)
                0x08000500                        . = ALIGN (0x4)

.ARM.extab
 *(.ARM.extab* .gnu.linkonce.armextab.*)

.ARM            0x08000500        0x0
                0x08000500                        __exidx_start = .
 *(.ARM.exidx*)
                0x08000500                        __exidx_end = .

.preinit_array  0x08000500        0x0
                0x08000500                        PROVIDE (__preinit_array_start = .)
 *(.preinit_array*)
                0x08000500                        PROVIDE (__preinit_array_end = .)

.init_array     0x08000500        0x8
                0x08000500                        PROVIDE (__init_array_start = .)
 *(SORT_BY_NAME(.init_array.*))
 .init_array.00000
                0x08000500        0x4 /usr/arm-none-eabi/lib//libc.a(libc_a-__call_atexit.o)
 *(.init_array*)
 .init_array    0x08000504        0x4 /usr/lib/gcc/arm-none-eabi/14.1.0/thumb/v7-m/nofp/crtbegin.o
                0x08000508                        PROVIDE (__init_array_end = .)

.fini_array     0x08000508        0x4
                0x08000508                        PROVIDE (__fini_array_start = .)
 *(SORT_BY_NAME(.fini_array.*))
 *(.fini_array*)
 .fini_array    0x08000508        0x4 /usr/lib/gcc/arm-none-eabi/14.1.0/thumb/v7-m/nofp/crtbegin.o
                0x0800050c                        PROVIDE (__fini_array_end = .)
                0x0800050c                        _sidata = LOADADDR (.data)

.data           0x20000000        0x4 load address 0x0800050c
                0x20000000                        . = ALIGN (0x4)
                0x20000000                        _sdata = .
 *(.data)
 *(.data*)
 .data.__atexit_recursive_mutex
                0x20000000        0x4 /usr/arm-none-eabi/lib//libc.a(libc_a-__call_atexit.o)
                0x20000000                __atexit_recursive_mutex
                0x20000004                        . = ALIGN (0x4)
                0x20000004                        _edata = .

.igot.plt       0x20000004        0x0 load address 0x08000510
 .igot.plt      0x20000004        0x0 /usr/lib/gcc/arm-none-eabi/14.1.0/thumb/v7-m/nofp/crtbegin.o
                0x20000004                        . = ALIGN (0x4)

.bss            0x20000004      0x1b4 load address 0x08000510
                0x20000004                        _sbss = .
                0x20000004                        __bss_start__ = _sbss
 *(.bss)
 *(.bss*)
 .bss.completed.1
                0x20000004        0x1 /usr/lib/gcc/arm-none-eabi/14.1.0/thumb/v7-m/nofp/crtbegin.o
 *fill*         0x20000005        0x3 
 .bss.object.0  0x20000008       0x18 /usr/lib/gcc/arm-none-eabi/14.1.0/thumb/v7-m/nofp/crtbegin.o
 .bss.__lock___atexit_recursive_mutex
                0x20000020        0x1 /usr/arm-none-eabi/lib//libc.a(libc_a-lock.o)
                0x20000020                __lock___atexit_recursive_mutex
 *fill*         0x20000021        0x3 
 .bss.__atexit0
                0x20000024      0x190 /usr/arm-none-eabi/lib//libc.a(libc_a-__atexit.o)
                0x20000024                __atexit0
 .bss.__atexit  0x200001b4        0x4 /usr/arm-none-eabi/lib//libc.a(libc_a-__call_atexit.o)
                0x200001b4                __atexit
 *(COMMON)
                0x200001b8                        . = ALIGN (0x4)
                0x200001b8                        _ebss = .
                0x200001b8                        __bss_end__ = _ebss

._user_heap_stack
                0x200001b8      0x600 load address 0x08000510
                0x200001b8                        . = ALIGN (0x8)
                0x200001b8                        PROVIDE (end = .)
                [!provide]                        PROVIDE (_end = .)
                0x200003b8                        . = (. + _Min_Heap_Size)
 *fill*         0x200001b8      0x200 
                0x200007b8                        . = (. + _Min_Stack_Size)
 *fill*         0x200003b8      0x400 
                0x200007b8                        . = ALIGN (0x8)

/DISCARD/
 libc.a(*)
 libm.a(*)
 libgcc.a(*)

.ARM.attributes
                0x00000000       0x2b
 *(.ARM.attributes)
 .ARM.attributes
                0x00000000       0x1d /usr/lib/gcc/arm-none-eabi/14.1.0/thumb/v7-m/nofp/crti.o
 .ARM.attributes
                0x0000001d       0x2d /usr/lib/gcc/arm-none-eabi/14.1.0/thumb/v7-m/nofp/crtbegin.o
 .ARM.attributes
                0x0000004a       0x2d build/system_stm32f10x.o
 .ARM.attributes
                0x00000077       0x2d build/main.o
 .ARM.attributes
                0x000000a4       0x2d build/stm32f10x_it.o
 .ARM.attributes
                0x000000d1       0x21 build/startup_stm32f10x_hd.o
 .ARM.attributes
                0x000000f2       0x2a /usr/arm-none-eabi/lib//libc.a(libc_a-atexit.o)
 .ARM.attributes
                0x0000011c       0x2a /usr/arm-none-eabi/lib//libc.a(libc_a-fini.o)
 .ARM.attributes
                0x00000146       0x2a /usr/arm-none-eabi/lib//libc.a(libc_a-lock.o)
 .ARM.attributes
                0x00000170       0x2a /usr/arm-none-eabi/lib//libc.a(libc_a-__atexit.o)
 .ARM.attributes
                0x0000019a       0x2a /usr/arm-none-eabi/lib//libc.a(libc_a-__call_atexit.o)
 .ARM.attributes
                0x000001c4       0x1d /usr/lib/gcc/arm-none-eabi/14.1.0/thumb/v7-m/nofp/crtn.o
OUTPUT(build/target.elf elf32-littlearm)
LOAD linker stubs
LOAD /usr/arm-none-eabi/lib//libc.a
LOAD /usr/arm-none-eabi/lib//libm.a
LOAD /usr/lib/gcc/arm-none-eabi/14.1.0/thumb/v7-m/nofp/libgcc.a

.debug_info     0x00000000     0x1001
 .debug_info    0x00000000      0x4dc build/system_stm32f10x.o
 .debug_info    0x000004dc       0x8a build/main.o
 .debug_info    0x00000566      0x136 build/stm32f10x_it.o
 .debug_info    0x0000069c      0x11e /usr/arm-none-eabi/lib//libc.a(libc_a-atexit.o)
 .debug_info    0x000007ba       0xf7 /usr/arm-none-eabi/lib//libc.a(libc_a-fini.o)
 .debug_info    0x000008b1      0x218 /usr/arm-none-eabi/lib//libc.a(libc_a-lock.o)
 .debug_info    0x00000ac9      0x25f /usr/arm-none-eabi/lib//libc.a(libc_a-__atexit.o)
 .debug_info    0x00000d28      0x2d9 /usr/arm-none-eabi/lib//libc.a(libc_a-__call_atexit.o)

.debug_abbrev   0x00000000      0x86b
 .debug_abbrev  0x00000000      0x1ba build/system_stm32f10x.o
 .debug_abbrev  0x000001ba       0x48 build/main.o
 .debug_abbrev  0x00000202       0x46 build/stm32f10x_it.o
 .debug_abbrev  0x00000248       0xbe /usr/arm-none-eabi/lib//libc.a(libc_a-atexit.o)
 .debug_abbrev  0x00000306       0xc9 /usr/arm-none-eabi/lib//libc.a(libc_a-fini.o)
 .debug_abbrev  0x000003cf      0x115 /usr/arm-none-eabi/lib//libc.a(libc_a-lock.o)
 .debug_abbrev  0x000004e4      0x189 /usr/arm-none-eabi/lib//libc.a(libc_a-__atexit.o)
 .debug_abbrev  0x0000066d      0x1fe /usr/arm-none-eabi/lib//libc.a(libc_a-__call_atexit.o)

.debug_loc      0x00000000      0x193
 .debug_loc     0x00000000      0x193 build/system_stm32f10x.o

.debug_aranges  0x00000000      0x1a8
 .debug_aranges
                0x00000000       0x38 build/system_stm32f10x.o
 .debug_aranges
                0x00000038       0x20 build/main.o
 .debug_aranges
                0x00000058       0x60 build/stm32f10x_it.o
 .debug_aranges
                0x000000b8       0x20 /usr/arm-none-eabi/lib//libc.a(libc_a-atexit.o)
 .debug_aranges
                0x000000d8       0x20 /usr/arm-none-eabi/lib//libc.a(libc_a-fini.o)
 .debug_aranges
                0x000000f8       0x68 /usr/arm-none-eabi/lib//libc.a(libc_a-lock.o)
 .debug_aranges
                0x00000160       0x20 /usr/arm-none-eabi/lib//libc.a(libc_a-__atexit.o)
 .debug_aranges
                0x00000180       0x28 /usr/arm-none-eabi/lib//libc.a(libc_a-__call_atexit.o)

.debug_ranges   0x00000000       0x88
 .debug_ranges  0x00000000       0x28 build/system_stm32f10x.o
 .debug_ranges  0x00000028       0x10 build/main.o
 .debug_ranges  0x00000038       0x50 build/stm32f10x_it.o

.debug_line     0x00000000      0xbd6
 .debug_line    0x00000000      0x32c build/system_stm32f10x.o
 .debug_line    0x0000032c       0x46 build/main.o
 .debug_line    0x00000372       0xf4 build/stm32f10x_it.o
 .debug_line    0x00000466       0xe0 /usr/arm-none-eabi/lib//libc.a(libc_a-atexit.o)
 .debug_line    0x00000546       0xdd /usr/arm-none-eabi/lib//libc.a(libc_a-fini.o)
 .debug_line    0x00000623      0x174 /usr/arm-none-eabi/lib//libc.a(libc_a-lock.o)
 .debug_line    0x00000797      0x189 /usr/arm-none-eabi/lib//libc.a(libc_a-__atexit.o)
 .debug_line    0x00000920      0x2b6 /usr/arm-none-eabi/lib//libc.a(libc_a-__call_atexit.o)

.debug_str      0x00000000      0x84b
 .debug_str     0x00000000      0x84b build/system_stm32f10x.o
                                0x2a2 (size before relaxing)
 .debug_str     0x0000084b      0x13f build/main.o
 .debug_str     0x0000084b      0x1d2 build/stm32f10x_it.o
 .debug_str     0x0000084b      0x1d8 /usr/arm-none-eabi/lib//libc.a(libc_a-atexit.o)
 .debug_str     0x0000084b      0x1d2 /usr/arm-none-eabi/lib//libc.a(libc_a-fini.o)
 .debug_str     0x0000084b      0x332 /usr/arm-none-eabi/lib//libc.a(libc_a-lock.o)
 .debug_str     0x0000084b      0x2af /usr/arm-none-eabi/lib//libc.a(libc_a-__atexit.o)
 .debug_str     0x0000084b      0x2d8 /usr/arm-none-eabi/lib//libc.a(libc_a-__call_atexit.o)

.comment        0x00000000       0x3c
 .comment       0x00000000       0x3c build/system_stm32f10x.o
                                 0x1f (size before relaxing)
 .comment       0x0000003c       0x1f build/main.o
 .comment       0x0000003c       0x1f build/stm32f10x_it.o
 .comment       0x0000003c       0x1f /usr/arm-none-eabi/lib//libc.a(libc_a-atexit.o)
 .comment       0x0000003c       0x1f /usr/arm-none-eabi/lib//libc.a(libc_a-fini.o)
 .comment       0x0000003c       0x1f /usr/arm-none-eabi/lib//libc.a(libc_a-lock.o)
 .comment       0x0000003c       0x1f /usr/arm-none-eabi/lib//libc.a(libc_a-__atexit.o)
 .comment       0x0000003c       0x1f /usr/arm-none-eabi/lib//libc.a(libc_a-__call_atexit.o)

.debug_frame    0x00000000      0x2e0
 .debug_frame   0x00000000       0x6c build/system_stm32f10x.o
 .debug_frame   0x0000006c       0x20 build/main.o
 .debug_frame   0x0000008c       0xa0 build/stm32f10x_it.o
 .debug_frame   0x0000012c       0x2c /usr/arm-none-eabi/lib//libc.a(libc_a-atexit.o)
 .debug_frame   0x00000158       0x34 /usr/arm-none-eabi/lib//libc.a(libc_a-fini.o)
 .debug_frame   0x0000018c       0xb0 /usr/arm-none-eabi/lib//libc.a(libc_a-lock.o)
 .debug_frame   0x0000023c       0x3c /usr/arm-none-eabi/lib//libc.a(libc_a-__atexit.o)
 .debug_frame   0x00000278       0x68 /usr/arm-none-eabi/lib//libc.a(libc_a-__call_atexit.o)

.debug_loclists
                0x00000000      0x2b6
 .debug_loclists
                0x00000000       0x30 /usr/arm-none-eabi/lib//libc.a(libc_a-atexit.o)
 .debug_loclists
                0x00000030       0x4c /usr/arm-none-eabi/lib//libc.a(libc_a-fini.o)
 .debug_loclists
                0x0000007c       0x29 /usr/arm-none-eabi/lib//libc.a(libc_a-lock.o)
 .debug_loclists
                0x000000a5       0xf1 /usr/arm-none-eabi/lib//libc.a(libc_a-__atexit.o)
 .debug_loclists
                0x00000196      0x120 /usr/arm-none-eabi/lib//libc.a(libc_a-__call_atexit.o)

.debug_rnglists
                0x00000000       0xcb
 .debug_rnglists
                0x00000000       0x13 /usr/arm-none-eabi/lib//libc.a(libc_a-atexit.o)
 .debug_rnglists
                0x00000013       0x13 /usr/arm-none-eabi/lib//libc.a(libc_a-fini.o)
 .debug_rnglists
                0x00000026       0x49 /usr/arm-none-eabi/lib//libc.a(libc_a-lock.o)
 .debug_rnglists
                0x0000006f       0x14 /usr/arm-none-eabi/lib//libc.a(libc_a-__atexit.o)
 .debug_rnglists
                0x00000083       0x48 /usr/arm-none-eabi/lib//libc.a(libc_a-__call_atexit.o)

Cross Reference Table

Symbol                                            File
ADC1_2_IRQHandler                                 build/startup_stm32f10x_hd.o
ADC3_IRQHandler                                   build/startup_stm32f10x_hd.o
ADC_AnalogWatchdogCmd                             build/stm32f10x_adc.o
ADC_AnalogWatchdogSingleChannelConfig             build/stm32f10x_adc.o
ADC_AnalogWatchdogThresholdsConfig                build/stm32f10x_adc.o
ADC_AutoInjectedConvCmd                           build/stm32f10x_adc.o
ADC_ClearFlag                                     build/stm32f10x_adc.o
ADC_ClearITPendingBit                             build/stm32f10x_adc.o
ADC_Cmd                                           build/stm32f10x_adc.o
ADC_DMACmd                                        build/stm32f10x_adc.o
ADC_DeInit                                        build/stm32f10x_adc.o
ADC_DiscModeChannelCountConfig                    build/stm32f10x_adc.o
ADC_DiscModeCmd                                   build/stm32f10x_adc.o
ADC_ExternalTrigConvCmd                           build/stm32f10x_adc.o
ADC_ExternalTrigInjectedConvCmd                   build/stm32f10x_adc.o
ADC_ExternalTrigInjectedConvConfig                build/stm32f10x_adc.o
ADC_GetCalibrationStatus                          build/stm32f10x_adc.o
ADC_GetConversionValue                            build/stm32f10x_adc.o
ADC_GetDualModeConversionValue                    build/stm32f10x_adc.o
ADC_GetFlagStatus                                 build/stm32f10x_adc.o
ADC_GetITStatus                                   build/stm32f10x_adc.o
ADC_GetInjectedConversionValue                    build/stm32f10x_adc.o
ADC_GetResetCalibrationStatus                     build/stm32f10x_adc.o
ADC_GetSoftwareStartConvStatus                    build/stm32f10x_adc.o
ADC_GetSoftwareStartInjectedConvCmdStatus         build/stm32f10x_adc.o
ADC_ITConfig                                      build/stm32f10x_adc.o
ADC_Init                                          build/stm32f10x_adc.o
ADC_InjectedChannelConfig                         build/stm32f10x_adc.o
ADC_InjectedDiscModeCmd                           build/stm32f10x_adc.o
ADC_InjectedSequencerLengthConfig                 build/stm32f10x_adc.o
ADC_RegularChannelConfig                          build/stm32f10x_adc.o
ADC_ResetCalibration                              build/stm32f10x_adc.o
ADC_SetInjectedOffset                             build/stm32f10x_adc.o
ADC_SoftwareStartConvCmd                          build/stm32f10x_adc.o
ADC_SoftwareStartInjectedConvCmd                  build/stm32f10x_adc.o
ADC_StartCalibration                              build/stm32f10x_adc.o
ADC_StructInit                                    build/stm32f10x_adc.o
ADC_TempSensorVrefintCmd                          build/stm32f10x_adc.o
AHBPrescTable                                     build/system_stm32f10x.o
BKP_ClearFlag                                     build/stm32f10x_bkp.o
BKP_ClearITPendingBit                             build/stm32f10x_bkp.o
BKP_DeInit                                        build/stm32f10x_bkp.o
BKP_GetFlagStatus                                 build/stm32f10x_bkp.o
BKP_GetITStatus                                   build/stm32f10x_bkp.o
BKP_ITConfig                                      build/stm32f10x_bkp.o
BKP_RTCOutputConfig                               build/stm32f10x_bkp.o
BKP_ReadBackupRegister                            build/stm32f10x_bkp.o
BKP_SetRTCCalibrationValue                        build/stm32f10x_bkp.o
BKP_TamperPinCmd                                  build/stm32f10x_bkp.o
BKP_TamperPinLevelConfig                          build/stm32f10x_bkp.o
BKP_WriteBackupRegister                           build/stm32f10x_bkp.o
BusFault_Handler                                  build/stm32f10x_it.o
CAN1_RX1_IRQHandler                               build/startup_stm32f10x_hd.o
CAN1_SCE_IRQHandler                               build/startup_stm32f10x_hd.o
CAN_CancelTransmit                                build/stm32f10x_can.o
CAN_ClearFlag                                     build/stm32f10x_can.o
CAN_ClearITPendingBit                             build/stm32f10x_can.o
CAN_DBGFreeze                                     build/stm32f10x_can.o
CAN_DeInit                                        build/stm32f10x_can.o
CAN_FIFORelease                                   build/stm32f10x_can.o
CAN_FilterInit                                    build/stm32f10x_can.o
CAN_GetFlagStatus                                 build/stm32f10x_can.o
CAN_GetITStatus                                   build/stm32f10x_can.o
CAN_GetLSBTransmitErrorCounter                    build/stm32f10x_can.o
CAN_GetLastErrorCode                              build/stm32f10x_can.o
CAN_GetReceiveErrorCounter                        build/stm32f10x_can.o
CAN_ITConfig                                      build/stm32f10x_can.o
CAN_Init                                          build/stm32f10x_can.o
CAN_MessagePending                                build/stm32f10x_can.o
CAN_OperatingModeRequest                          build/stm32f10x_can.o
CAN_Receive                                       build/stm32f10x_can.o
CAN_SlaveStartBank                                build/stm32f10x_can.o
CAN_Sleep                                         build/stm32f10x_can.o
CAN_StructInit                                    build/stm32f10x_can.o
CAN_TTComModeCmd                                  build/stm32f10x_can.o
CAN_Transmit                                      build/stm32f10x_can.o
CAN_TransmitStatus                                build/stm32f10x_can.o
CAN_WakeUp                                        build/stm32f10x_can.o
CEC_ClearFlag                                     build/stm32f10x_cec.o
CEC_ClearITPendingBit                             build/stm32f10x_cec.o
CEC_Cmd                                           build/stm32f10x_cec.o
CEC_DeInit                                        build/stm32f10x_cec.o
CEC_EndOfMessageCmd                               build/stm32f10x_cec.o
CEC_GetFlagStatus                                 build/stm32f10x_cec.o
CEC_GetITStatus                                   build/stm32f10x_cec.o
CEC_ITConfig                                      build/stm32f10x_cec.o
CEC_Init                                          build/stm32f10x_cec.o
CEC_OwnAddressConfig                              build/stm32f10x_cec.o
CEC_ReceiveDataByte                               build/stm32f10x_cec.o
CEC_SendDataByte                                  build/stm32f10x_cec.o
CEC_SetPrescaler                                  build/stm32f10x_cec.o
CEC_StartOfMessage                                build/stm32f10x_cec.o
CRC_CalcBlockCRC                                  build/stm32f10x_crc.o
CRC_CalcCRC                                       build/stm32f10x_crc.o
CRC_GetCRC                                        build/stm32f10x_crc.o
CRC_GetIDRegister                                 build/stm32f10x_crc.o
CRC_ResetDR                                       build/stm32f10x_crc.o
CRC_SetIDRegister                                 build/stm32f10x_crc.o
DAC_Cmd                                           build/stm32f10x_dac.o
DAC_DMACmd                                        build/stm32f10x_dac.o
DAC_DeInit                                        build/stm32f10x_dac.o
DAC_DualSoftwareTriggerCmd                        build/stm32f10x_dac.o
DAC_GetDataOutputValue                            build/stm32f10x_dac.o
DAC_Init                                          build/stm32f10x_dac.o
DAC_SetChannel1Data                               build/stm32f10x_dac.o
DAC_SetChannel2Data                               build/stm32f10x_dac.o
DAC_SetDualChannelData                            build/stm32f10x_dac.o
DAC_SoftwareTriggerCmd                            build/stm32f10x_dac.o
DAC_StructInit                                    build/stm32f10x_dac.o
DAC_WaveGenerationCmd                             build/stm32f10x_dac.o
DBGMCU_Config                                     build/stm32f10x_dbgmcu.o
DBGMCU_GetDEVID                                   build/stm32f10x_dbgmcu.o
DBGMCU_GetREVID                                   build/stm32f10x_dbgmcu.o
DMA1_Channel1_IRQHandler                          build/startup_stm32f10x_hd.o
DMA1_Channel2_IRQHandler                          build/startup_stm32f10x_hd.o
DMA1_Channel3_IRQHandler                          build/startup_stm32f10x_hd.o
DMA1_Channel4_IRQHandler                          build/startup_stm32f10x_hd.o
DMA1_Channel5_IRQHandler                          build/startup_stm32f10x_hd.o
DMA1_Channel6_IRQHandler                          build/startup_stm32f10x_hd.o
DMA1_Channel7_IRQHandler                          build/startup_stm32f10x_hd.o
DMA2_Channel1_IRQHandler                          build/startup_stm32f10x_hd.o
DMA2_Channel2_IRQHandler                          build/startup_stm32f10x_hd.o
DMA2_Channel3_IRQHandler                          build/startup_stm32f10x_hd.o
DMA2_Channel4_5_IRQHandler                        build/startup_stm32f10x_hd.o
DMA_ClearFlag                                     build/stm32f10x_dma.o
DMA_ClearITPendingBit                             build/stm32f10x_dma.o
DMA_Cmd                                           build/stm32f10x_dma.o
DMA_DeInit                                        build/stm32f10x_dma.o
DMA_GetCurrDataCounter                            build/stm32f10x_dma.o
DMA_GetFlagStatus                                 build/stm32f10x_dma.o
DMA_GetITStatus                                   build/stm32f10x_dma.o
DMA_ITConfig                                      build/stm32f10x_dma.o
DMA_Init                                          build/stm32f10x_dma.o
DMA_SetCurrDataCounter                            build/stm32f10x_dma.o
DMA_StructInit                                    build/stm32f10x_dma.o
DebugMon_Handler                                  build/stm32f10x_it.o
Default_Handler                                   build/startup_stm32f10x_hd.o
Delay_ms                                          build/delay.o
Delay_s                                           build/delay.o
Delay_us                                          build/delay.o
EXTI0_IRQHandler                                  build/startup_stm32f10x_hd.o
EXTI15_10_IRQHandler                              build/startup_stm32f10x_hd.o
EXTI1_IRQHandler                                  build/startup_stm32f10x_hd.o
EXTI2_IRQHandler                                  build/startup_stm32f10x_hd.o
EXTI3_IRQHandler                                  build/startup_stm32f10x_hd.o
EXTI4_IRQHandler                                  build/startup_stm32f10x_hd.o
EXTI9_5_IRQHandler                                build/startup_stm32f10x_hd.o
EXTI_ClearFlag                                    build/stm32f10x_exti.o
EXTI_ClearITPendingBit                            build/stm32f10x_exti.o
EXTI_DeInit                                       build/stm32f10x_exti.o
EXTI_GenerateSWInterrupt                          build/stm32f10x_exti.o
EXTI_GetFlagStatus                                build/stm32f10x_exti.o
EXTI_GetITStatus                                  build/stm32f10x_exti.o
EXTI_Init                                         build/stm32f10x_exti.o
EXTI_StructInit                                   build/stm32f10x_exti.o
FLASH_ClearFlag                                   build/stm32f10x_flash.o
FLASH_EnableWriteProtection                       build/stm32f10x_flash.o
FLASH_EraseAllBank1Pages                          build/stm32f10x_flash.o
FLASH_EraseAllPages                               build/stm32f10x_flash.o
FLASH_EraseOptionBytes                            build/stm32f10x_flash.o
FLASH_ErasePage                                   build/stm32f10x_flash.o
FLASH_GetBank1Status                              build/stm32f10x_flash.o
FLASH_GetFlagStatus                               build/stm32f10x_flash.o
FLASH_GetPrefetchBufferStatus                     build/stm32f10x_flash.o
FLASH_GetReadOutProtectionStatus                  build/stm32f10x_flash.o
FLASH_GetStatus                                   build/stm32f10x_flash.o
FLASH_GetUserOptionByte                           build/stm32f10x_flash.o
FLASH_GetWriteProtectionOptionByte                build/stm32f10x_flash.o
FLASH_HalfCycleAccessCmd                          build/stm32f10x_flash.o
FLASH_IRQHandler                                  build/startup_stm32f10x_hd.o
FLASH_ITConfig                                    build/stm32f10x_flash.o
FLASH_Lock                                        build/stm32f10x_flash.o
FLASH_LockBank1                                   build/stm32f10x_flash.o
FLASH_PrefetchBufferCmd                           build/stm32f10x_flash.o
FLASH_ProgramHalfWord                             build/stm32f10x_flash.o
FLASH_ProgramOptionByteData                       build/stm32f10x_flash.o
FLASH_ProgramWord                                 build/stm32f10x_flash.o
FLASH_ReadOutProtection                           build/stm32f10x_flash.o
FLASH_SetLatency                                  build/stm32f10x_flash.o
FLASH_Unlock                                      build/stm32f10x_flash.o
FLASH_UnlockBank1                                 build/stm32f10x_flash.o
FLASH_UserOptionByteConfig                        build/stm32f10x_flash.o
FLASH_WaitForLastBank1Operation                   build/stm32f10x_flash.o
FLASH_WaitForLastOperation                        build/stm32f10x_flash.o
FSMC_ClearFlag                                    build/stm32f10x_fsmc.o
FSMC_ClearITPendingBit                            build/stm32f10x_fsmc.o
FSMC_GetECC                                       build/stm32f10x_fsmc.o
FSMC_GetFlagStatus                                build/stm32f10x_fsmc.o
FSMC_GetITStatus                                  build/stm32f10x_fsmc.o
FSMC_IRQHandler                                   build/startup_stm32f10x_hd.o
FSMC_ITConfig                                     build/stm32f10x_fsmc.o
FSMC_NANDCmd                                      build/stm32f10x_fsmc.o
FSMC_NANDDeInit                                   build/stm32f10x_fsmc.o
FSMC_NANDECCCmd                                   build/stm32f10x_fsmc.o
FSMC_NANDInit                                     build/stm32f10x_fsmc.o
FSMC_NANDStructInit                               build/stm32f10x_fsmc.o
FSMC_NORSRAMCmd                                   build/stm32f10x_fsmc.o
FSMC_NORSRAMDeInit                                build/stm32f10x_fsmc.o
FSMC_NORSRAMInit                                  build/stm32f10x_fsmc.o
FSMC_NORSRAMStructInit                            build/stm32f10x_fsmc.o
FSMC_PCCARDCmd                                    build/stm32f10x_fsmc.o
FSMC_PCCARDDeInit                                 build/stm32f10x_fsmc.o
FSMC_PCCARDInit                                   build/stm32f10x_fsmc.o
FSMC_PCCARDStructInit                             build/stm32f10x_fsmc.o
GPIO_AFIODeInit                                   build/stm32f10x_gpio.o
GPIO_DeInit                                       build/stm32f10x_gpio.o
GPIO_ETH_MediaInterfaceConfig                     build/stm32f10x_gpio.o
GPIO_EXTILineConfig                               build/stm32f10x_gpio.o
GPIO_EventOutputCmd                               build/stm32f10x_gpio.o
GPIO_EventOutputConfig                            build/stm32f10x_gpio.o
GPIO_Init                                         build/stm32f10x_gpio.o
GPIO_PinLockConfig                                build/stm32f10x_gpio.o
GPIO_PinRemapConfig                               build/stm32f10x_gpio.o
GPIO_ReadInputData                                build/stm32f10x_gpio.o
GPIO_ReadInputDataBit                             build/stm32f10x_gpio.o
GPIO_ReadOutputData                               build/stm32f10x_gpio.o
GPIO_ReadOutputDataBit                            build/stm32f10x_gpio.o
GPIO_ResetBits                                    build/stm32f10x_gpio.o
GPIO_SetBits                                      build/stm32f10x_gpio.o
GPIO_StructInit                                   build/stm32f10x_gpio.o
GPIO_Write                                        build/stm32f10x_gpio.o
GPIO_WriteBit                                     build/stm32f10x_gpio.o
HardFault_Handler                                 build/stm32f10x_it.o
I2C1_ER_IRQHandler                                build/startup_stm32f10x_hd.o
I2C1_EV_IRQHandler                                build/startup_stm32f10x_hd.o
I2C2_ER_IRQHandler                                build/startup_stm32f10x_hd.o
I2C2_EV_IRQHandler                                build/startup_stm32f10x_hd.o
I2C_ARPCmd                                        build/stm32f10x_i2c.o
I2C_AcknowledgeConfig                             build/stm32f10x_i2c.o
I2C_CalculatePEC                                  build/stm32f10x_i2c.o
I2C_CheckEvent                                    build/stm32f10x_i2c.o
I2C_ClearFlag                                     build/stm32f10x_i2c.o
I2C_ClearITPendingBit                             build/stm32f10x_i2c.o
I2C_Cmd                                           build/stm32f10x_i2c.o
I2C_DMACmd                                        build/stm32f10x_i2c.o
I2C_DMALastTransferCmd                            build/stm32f10x_i2c.o
I2C_DeInit                                        build/stm32f10x_i2c.o
I2C_DualAddressCmd                                build/stm32f10x_i2c.o
I2C_FastModeDutyCycleConfig                       build/stm32f10x_i2c.o
I2C_GeneralCallCmd                                build/stm32f10x_i2c.o
I2C_GenerateSTART                                 build/stm32f10x_i2c.o
I2C_GenerateSTOP                                  build/stm32f10x_i2c.o
I2C_GetFlagStatus                                 build/stm32f10x_i2c.o
I2C_GetITStatus                                   build/stm32f10x_i2c.o
I2C_GetLastEvent                                  build/stm32f10x_i2c.o
I2C_GetPEC                                        build/stm32f10x_i2c.o
I2C_ITConfig                                      build/stm32f10x_i2c.o
I2C_Init                                          build/stm32f10x_i2c.o
I2C_NACKPositionConfig                            build/stm32f10x_i2c.o
I2C_OwnAddress2Config                             build/stm32f10x_i2c.o
I2C_PECPositionConfig                             build/stm32f10x_i2c.o
I2C_ReadRegister                                  build/stm32f10x_i2c.o
I2C_ReceiveData                                   build/stm32f10x_i2c.o
I2C_SMBusAlertConfig                              build/stm32f10x_i2c.o
I2C_Send7bitAddress                               build/stm32f10x_i2c.o
I2C_SendData                                      build/stm32f10x_i2c.o
I2C_SoftwareResetCmd                              build/stm32f10x_i2c.o
I2C_StretchClockCmd                               build/stm32f10x_i2c.o
I2C_StructInit                                    build/stm32f10x_i2c.o
I2C_TransmitPEC                                   build/stm32f10x_i2c.o
I2S_Cmd                                           build/stm32f10x_spi.o
I2S_Init                                          build/stm32f10x_spi.o
I2S_StructInit                                    build/stm32f10x_spi.o
IWDG_Enable                                       build/stm32f10x_iwdg.o
IWDG_GetFlagStatus                                build/stm32f10x_iwdg.o
IWDG_ReloadCounter                                build/stm32f10x_iwdg.o
IWDG_SetPrescaler                                 build/stm32f10x_iwdg.o
IWDG_SetReload                                    build/stm32f10x_iwdg.o
IWDG_WriteAccessCmd                               build/stm32f10x_iwdg.o
MemManage_Handler                                 build/stm32f10x_it.o
NMI_Handler                                       build/stm32f10x_it.o
NVIC_Init                                         build/misc.o
NVIC_PriorityGroupConfig                          build/misc.o
NVIC_SetVectorTable                               build/misc.o
NVIC_SystemLPConfig                               build/misc.o
PVD_IRQHandler                                    build/startup_stm32f10x_hd.o
PWR_BackupAccessCmd                               build/stm32f10x_pwr.o
PWR_ClearFlag                                     build/stm32f10x_pwr.o
PWR_DeInit                                        build/stm32f10x_pwr.o
PWR_EnterSTANDBYMode                              build/stm32f10x_pwr.o
PWR_EnterSTOPMode                                 build/stm32f10x_pwr.o
PWR_GetFlagStatus                                 build/stm32f10x_pwr.o
PWR_PVDCmd                                        build/stm32f10x_pwr.o
PWR_PVDLevelConfig                                build/stm32f10x_pwr.o
PWR_WakeUpPinCmd                                  build/stm32f10x_pwr.o
PendSV_Handler                                    build/stm32f10x_it.o
RCC_ADCCLKConfig                                  build/stm32f10x_rcc.o
RCC_AHBPeriphClockCmd                             build/stm32f10x_rcc.o
RCC_APB1PeriphClockCmd                            build/stm32f10x_rcc.o
RCC_APB1PeriphResetCmd                            build/stm32f10x_rcc.o
                                                  build/stm32f10x_can.o
                                                  build/stm32f10x_tim.o
                                                  build/stm32f10x_dac.o
                                                  build/stm32f10x_spi.o
                                                  build/stm32f10x_i2c.o
                                                  build/stm32f10x_usart.o
                                                  build/stm32f10x_pwr.o
                                                  build/stm32f10x_wwdg.o
                                                  build/stm32f10x_cec.o
RCC_APB2PeriphClockCmd                            build/stm32f10x_rcc.o
RCC_APB2PeriphResetCmd                            build/stm32f10x_rcc.o
                                                  build/stm32f10x_tim.o
                                                  build/stm32f10x_gpio.o
                                                  build/stm32f10x_adc.o
                                                  build/stm32f10x_spi.o
                                                  build/stm32f10x_usart.o
RCC_AdjustHSICalibrationValue                     build/stm32f10x_rcc.o
RCC_BackupResetCmd                                build/stm32f10x_rcc.o
                                                  build/stm32f10x_bkp.o
RCC_ClearFlag                                     build/stm32f10x_rcc.o
RCC_ClearITPendingBit                             build/stm32f10x_rcc.o
RCC_ClockSecuritySystemCmd                        build/stm32f10x_rcc.o
RCC_DeInit                                        build/stm32f10x_rcc.o
RCC_GetClocksFreq                                 build/stm32f10x_rcc.o
                                                  build/stm32f10x_spi.o
                                                  build/stm32f10x_i2c.o
                                                  build/stm32f10x_usart.o
RCC_GetFlagStatus                                 build/stm32f10x_rcc.o
RCC_GetITStatus                                   build/stm32f10x_rcc.o
RCC_GetSYSCLKSource                               build/stm32f10x_rcc.o
RCC_HCLKConfig                                    build/stm32f10x_rcc.o
RCC_HSEConfig                                     build/stm32f10x_rcc.o
RCC_HSICmd                                        build/stm32f10x_rcc.o
RCC_IRQHandler                                    build/startup_stm32f10x_hd.o
RCC_ITConfig                                      build/stm32f10x_rcc.o
RCC_LSEConfig                                     build/stm32f10x_rcc.o
RCC_LSICmd                                        build/stm32f10x_rcc.o
RCC_MCOConfig                                     build/stm32f10x_rcc.o
RCC_PCLK1Config                                   build/stm32f10x_rcc.o
RCC_PCLK2Config                                   build/stm32f10x_rcc.o
RCC_PLLCmd                                        build/stm32f10x_rcc.o
RCC_PLLConfig                                     build/stm32f10x_rcc.o
RCC_RTCCLKCmd                                     build/stm32f10x_rcc.o
RCC_RTCCLKConfig                                  build/stm32f10x_rcc.o
RCC_SYSCLKConfig                                  build/stm32f10x_rcc.o
RCC_USBCLKConfig                                  build/stm32f10x_rcc.o
RCC_WaitForHSEStartUp                             build/stm32f10x_rcc.o
RTCAlarm_IRQHandler                               build/startup_stm32f10x_hd.o
RTC_ClearFlag                                     build/stm32f10x_rtc.o
RTC_ClearITPendingBit                             build/stm32f10x_rtc.o
RTC_EnterConfigMode                               build/stm32f10x_rtc.o
RTC_ExitConfigMode                                build/stm32f10x_rtc.o
RTC_GetCounter                                    build/stm32f10x_rtc.o
RTC_GetDivider                                    build/stm32f10x_rtc.o
RTC_GetFlagStatus                                 build/stm32f10x_rtc.o
RTC_GetITStatus                                   build/stm32f10x_rtc.o
RTC_IRQHandler                                    build/startup_stm32f10x_hd.o
RTC_ITConfig                                      build/stm32f10x_rtc.o
RTC_SetAlarm                                      build/stm32f10x_rtc.o
RTC_SetCounter                                    build/stm32f10x_rtc.o
RTC_SetPrescaler                                  build/stm32f10x_rtc.o
RTC_WaitForLastTask                               build/stm32f10x_rtc.o
RTC_WaitForSynchro                                build/stm32f10x_rtc.o
Reset_Handler                                     build/startup_stm32f10x_hd.o
SDIO_CEATAITCmd                                   build/stm32f10x_sdio.o
SDIO_ClearFlag                                    build/stm32f10x_sdio.o
SDIO_ClearITPendingBit                            build/stm32f10x_sdio.o
SDIO_ClockCmd                                     build/stm32f10x_sdio.o
SDIO_CmdStructInit                                build/stm32f10x_sdio.o
SDIO_CommandCompletionCmd                         build/stm32f10x_sdio.o
SDIO_DMACmd                                       build/stm32f10x_sdio.o
SDIO_DataConfig                                   build/stm32f10x_sdio.o
SDIO_DataStructInit                               build/stm32f10x_sdio.o
SDIO_DeInit                                       build/stm32f10x_sdio.o
SDIO_GetCommandResponse                           build/stm32f10x_sdio.o
SDIO_GetDataCounter                               build/stm32f10x_sdio.o
SDIO_GetFIFOCount                                 build/stm32f10x_sdio.o
SDIO_GetFlagStatus                                build/stm32f10x_sdio.o
SDIO_GetITStatus                                  build/stm32f10x_sdio.o
SDIO_GetPowerState                                build/stm32f10x_sdio.o
SDIO_GetResponse                                  build/stm32f10x_sdio.o
SDIO_IRQHandler                                   build/startup_stm32f10x_hd.o
SDIO_ITConfig                                     build/stm32f10x_sdio.o
SDIO_Init                                         build/stm32f10x_sdio.o
SDIO_ReadData                                     build/stm32f10x_sdio.o
SDIO_SendCEATACmd                                 build/stm32f10x_sdio.o
SDIO_SendCommand                                  build/stm32f10x_sdio.o
SDIO_SendSDIOSuspendCmd                           build/stm32f10x_sdio.o
SDIO_SetPowerState                                build/stm32f10x_sdio.o
SDIO_SetSDIOOperation                             build/stm32f10x_sdio.o
SDIO_SetSDIOReadWaitMode                          build/stm32f10x_sdio.o
SDIO_StartSDIOReadWait                            build/stm32f10x_sdio.o
SDIO_StopSDIOReadWait                             build/stm32f10x_sdio.o
SDIO_StructInit                                   build/stm32f10x_sdio.o
SDIO_WriteData                                    build/stm32f10x_sdio.o
SPI1_IRQHandler                                   build/startup_stm32f10x_hd.o
SPI2_IRQHandler                                   build/startup_stm32f10x_hd.o
SPI3_IRQHandler                                   build/startup_stm32f10x_hd.o
SPI_BiDirectionalLineConfig                       build/stm32f10x_spi.o
SPI_CalculateCRC                                  build/stm32f10x_spi.o
SPI_Cmd                                           build/stm32f10x_spi.o
SPI_DataSizeConfig                                build/stm32f10x_spi.o
SPI_GetCRC                                        build/stm32f10x_spi.o
SPI_GetCRCPolynomial                              build/stm32f10x_spi.o
SPI_I2S_ClearFlag                                 build/stm32f10x_spi.o
SPI_I2S_ClearITPendingBit                         build/stm32f10x_spi.o
SPI_I2S_DMACmd                                    build/stm32f10x_spi.o
SPI_I2S_DeInit                                    build/stm32f10x_spi.o
SPI_I2S_GetFlagStatus                             build/stm32f10x_spi.o
SPI_I2S_GetITStatus                               build/stm32f10x_spi.o
SPI_I2S_ITConfig                                  build/stm32f10x_spi.o
SPI_I2S_ReceiveData                               build/stm32f10x_spi.o
SPI_I2S_SendData                                  build/stm32f10x_spi.o
SPI_Init                                          build/stm32f10x_spi.o
SPI_NSSInternalSoftwareConfig                     build/stm32f10x_spi.o
SPI_SSOutputCmd                                   build/stm32f10x_spi.o
SPI_StructInit                                    build/stm32f10x_spi.o
SPI_TransmitCRC                                   build/stm32f10x_spi.o
SVC_Handler                                       build/stm32f10x_it.o
SysTick_CLKSourceConfig                           build/misc.o
SysTick_Handler                                   build/stm32f10x_it.o
SystemCoreClock                                   build/system_stm32f10x.o
SystemCoreClockUpdate                             build/system_stm32f10x.o
SystemInit                                        build/system_stm32f10x.o
                                                  build/startup_stm32f10x_hd.o
TAMPER_IRQHandler                                 build/startup_stm32f10x_hd.o
TIM1_BRK_IRQHandler                               build/startup_stm32f10x_hd.o
TIM1_CC_IRQHandler                                build/startup_stm32f10x_hd.o
TIM1_TRG_COM_IRQHandler                           build/startup_stm32f10x_hd.o
TIM1_UP_IRQHandler                                build/startup_stm32f10x_hd.o
TIM2_IRQHandler                                   build/startup_stm32f10x_hd.o
TIM3_IRQHandler                                   build/startup_stm32f10x_hd.o
TIM4_IRQHandler                                   build/startup_stm32f10x_hd.o
TIM5_IRQHandler                                   build/startup_stm32f10x_hd.o
TIM6_IRQHandler                                   build/startup_stm32f10x_hd.o
TIM7_IRQHandler                                   build/startup_stm32f10x_hd.o
TIM8_BRK_IRQHandler                               build/startup_stm32f10x_hd.o
TIM8_CC_IRQHandler                                build/startup_stm32f10x_hd.o
TIM8_TRG_COM_IRQHandler                           build/startup_stm32f10x_hd.o
TIM8_UP_IRQHandler                                build/startup_stm32f10x_hd.o
TIM_ARRPreloadConfig                              build/stm32f10x_tim.o
TIM_BDTRConfig                                    build/stm32f10x_tim.o
TIM_BDTRStructInit                                build/stm32f10x_tim.o
TIM_CCPreloadControl                              build/stm32f10x_tim.o
TIM_CCxCmd                                        build/stm32f10x_tim.o
TIM_CCxNCmd                                       build/stm32f10x_tim.o
TIM_ClearFlag                                     build/stm32f10x_tim.o
TIM_ClearITPendingBit                             build/stm32f10x_tim.o
TIM_ClearOC1Ref                                   build/stm32f10x_tim.o
TIM_ClearOC2Ref                                   build/stm32f10x_tim.o
TIM_ClearOC3Ref                                   build/stm32f10x_tim.o
TIM_ClearOC4Ref                                   build/stm32f10x_tim.o
TIM_Cmd                                           build/stm32f10x_tim.o
TIM_CounterModeConfig                             build/stm32f10x_tim.o
TIM_CtrlPWMOutputs                                build/stm32f10x_tim.o
TIM_DMACmd                                        build/stm32f10x_tim.o
TIM_DMAConfig                                     build/stm32f10x_tim.o
TIM_DeInit                                        build/stm32f10x_tim.o
TIM_ETRClockMode1Config                           build/stm32f10x_tim.o
TIM_ETRClockMode2Config                           build/stm32f10x_tim.o
TIM_ETRConfig                                     build/stm32f10x_tim.o
TIM_EncoderInterfaceConfig                        build/stm32f10x_tim.o
TIM_ForcedOC1Config                               build/stm32f10x_tim.o
TIM_ForcedOC2Config                               build/stm32f10x_tim.o
TIM_ForcedOC3Config                               build/stm32f10x_tim.o
TIM_ForcedOC4Config                               build/stm32f10x_tim.o
TIM_GenerateEvent                                 build/stm32f10x_tim.o
TIM_GetCapture1                                   build/stm32f10x_tim.o
TIM_GetCapture2                                   build/stm32f10x_tim.o
TIM_GetCapture3                                   build/stm32f10x_tim.o
TIM_GetCapture4                                   build/stm32f10x_tim.o
TIM_GetCounter                                    build/stm32f10x_tim.o
TIM_GetFlagStatus                                 build/stm32f10x_tim.o
TIM_GetITStatus                                   build/stm32f10x_tim.o
TIM_GetPrescaler                                  build/stm32f10x_tim.o
TIM_ICInit                                        build/stm32f10x_tim.o
TIM_ICStructInit                                  build/stm32f10x_tim.o
TIM_ITConfig                                      build/stm32f10x_tim.o
TIM_ITRxExternalClockConfig                       build/stm32f10x_tim.o
TIM_InternalClockConfig                           build/stm32f10x_tim.o
TIM_OC1FastConfig                                 build/stm32f10x_tim.o
TIM_OC1Init                                       build/stm32f10x_tim.o
TIM_OC1NPolarityConfig                            build/stm32f10x_tim.o
TIM_OC1PolarityConfig                             build/stm32f10x_tim.o
TIM_OC1PreloadConfig                              build/stm32f10x_tim.o
TIM_OC2FastConfig                                 build/stm32f10x_tim.o
TIM_OC2Init                                       build/stm32f10x_tim.o
TIM_OC2NPolarityConfig                            build/stm32f10x_tim.o
TIM_OC2PolarityConfig                             build/stm32f10x_tim.o
TIM_OC2PreloadConfig                              build/stm32f10x_tim.o
TIM_OC3FastConfig                                 build/stm32f10x_tim.o
TIM_OC3Init                                       build/stm32f10x_tim.o
TIM_OC3NPolarityConfig                            build/stm32f10x_tim.o
TIM_OC3PolarityConfig                             build/stm32f10x_tim.o
TIM_OC3PreloadConfig                              build/stm32f10x_tim.o
TIM_OC4FastConfig                                 build/stm32f10x_tim.o
TIM_OC4Init                                       build/stm32f10x_tim.o
TIM_OC4PolarityConfig                             build/stm32f10x_tim.o
TIM_OC4PreloadConfig                              build/stm32f10x_tim.o
TIM_OCStructInit                                  build/stm32f10x_tim.o
TIM_PWMIConfig                                    build/stm32f10x_tim.o
TIM_PrescalerConfig                               build/stm32f10x_tim.o
TIM_SelectCCDMA                                   build/stm32f10x_tim.o
TIM_SelectCOM                                     build/stm32f10x_tim.o
TIM_SelectHallSensor                              build/stm32f10x_tim.o
TIM_SelectInputTrigger                            build/stm32f10x_tim.o
TIM_SelectMasterSlaveMode                         build/stm32f10x_tim.o
TIM_SelectOCxM                                    build/stm32f10x_tim.o
TIM_SelectOnePulseMode                            build/stm32f10x_tim.o
TIM_SelectOutputTrigger                           build/stm32f10x_tim.o
TIM_SelectSlaveMode                               build/stm32f10x_tim.o
TIM_SetAutoreload                                 build/stm32f10x_tim.o
TIM_SetClockDivision                              build/stm32f10x_tim.o
TIM_SetCompare1                                   build/stm32f10x_tim.o
TIM_SetCompare2                                   build/stm32f10x_tim.o
TIM_SetCompare3                                   build/stm32f10x_tim.o
TIM_SetCompare4                                   build/stm32f10x_tim.o
TIM_SetCounter                                    build/stm32f10x_tim.o
TIM_SetIC1Prescaler                               build/stm32f10x_tim.o
TIM_SetIC2Prescaler                               build/stm32f10x_tim.o
TIM_SetIC3Prescaler                               build/stm32f10x_tim.o
TIM_SetIC4Prescaler                               build/stm32f10x_tim.o
TIM_TIxExternalClockConfig                        build/stm32f10x_tim.o
TIM_TimeBaseInit                                  build/stm32f10x_tim.o
TIM_TimeBaseStructInit                            build/stm32f10x_tim.o
TIM_UpdateDisableConfig                           build/stm32f10x_tim.o
TIM_UpdateRequestConfig                           build/stm32f10x_tim.o
UART4_IRQHandler                                  build/startup_stm32f10x_hd.o
UART5_IRQHandler                                  build/startup_stm32f10x_hd.o
USART1_IRQHandler                                 build/startup_stm32f10x_hd.o
USART2_IRQHandler                                 build/startup_stm32f10x_hd.o
USART3_IRQHandler                                 build/startup_stm32f10x_hd.o
USART_ClearFlag                                   build/stm32f10x_usart.o
USART_ClearITPendingBit                           build/stm32f10x_usart.o
USART_ClockInit                                   build/stm32f10x_usart.o
USART_ClockStructInit                             build/stm32f10x_usart.o
USART_Cmd                                         build/stm32f10x_usart.o
USART_DMACmd                                      build/stm32f10x_usart.o
USART_DeInit                                      build/stm32f10x_usart.o
USART_GetFlagStatus                               build/stm32f10x_usart.o
USART_GetITStatus                                 build/stm32f10x_usart.o
USART_HalfDuplexCmd                               build/stm32f10x_usart.o
USART_ITConfig                                    build/stm32f10x_usart.o
USART_Init                                        build/stm32f10x_usart.o
USART_IrDACmd                                     build/stm32f10x_usart.o
USART_IrDAConfig                                  build/stm32f10x_usart.o
USART_LINBreakDetectLengthConfig                  build/stm32f10x_usart.o
USART_LINCmd                                      build/stm32f10x_usart.o
USART_OneBitMethodCmd                             build/stm32f10x_usart.o
USART_OverSampling8Cmd                            build/stm32f10x_usart.o
USART_ReceiveData                                 build/stm32f10x_usart.o
USART_ReceiverWakeUpCmd                           build/stm32f10x_usart.o
USART_SendBreak                                   build/stm32f10x_usart.o
USART_SendData                                    build/stm32f10x_usart.o
USART_SetAddress                                  build/stm32f10x_usart.o
USART_SetGuardTime                                build/stm32f10x_usart.o
USART_SetPrescaler                                build/stm32f10x_usart.o
USART_SmartCardCmd                                build/stm32f10x_usart.o
USART_SmartCardNACKCmd                            build/stm32f10x_usart.o
USART_StructInit                                  build/stm32f10x_usart.o
USART_WakeUpConfig                                build/stm32f10x_usart.o
USBWakeUp_IRQHandler                              build/startup_stm32f10x_hd.o
USB_HP_CAN1_TX_IRQHandler                         build/startup_stm32f10x_hd.o
USB_LP_CAN1_RX0_IRQHandler                        build/startup_stm32f10x_hd.o
UsageFault_Handler                                build/stm32f10x_it.o
WWDG_ClearFlag                                    build/stm32f10x_wwdg.o
WWDG_DeInit                                       build/stm32f10x_wwdg.o
WWDG_Enable                                       build/stm32f10x_wwdg.o
WWDG_EnableIT                                     build/stm32f10x_wwdg.o
WWDG_GetFlagStatus                                build/stm32f10x_wwdg.o
WWDG_IRQHandler                                   build/startup_stm32f10x_hd.o
WWDG_SetCounter                                   build/stm32f10x_wwdg.o
WWDG_SetPrescaler                                 build/stm32f10x_wwdg.o
WWDG_SetWindowValue                               build/stm32f10x_wwdg.o
__LDREXB                                          build/core_cm3.o
__LDREXH                                          build/core_cm3.o
__LDREXW                                          build/core_cm3.o
__RBIT                                            build/core_cm3.o
__REV                                             build/core_cm3.o
__REV16                                           build/core_cm3.o
__REVSH                                           build/core_cm3.o
__STREXB                                          build/core_cm3.o
__STREXH                                          build/core_cm3.o
__STREXW                                          build/core_cm3.o
__aeabi_idiv0                                     /usr/lib/gcc/arm-none-eabi/14.1.0/thumb/v7-m/nofp/libgcc.a(_dvmd_tls.o)
                                                  /usr/lib/gcc/arm-none-eabi/14.1.0/thumb/v7-m/nofp/libgcc.a(_udivsi3.o)
__aeabi_ldiv0                                     /usr/lib/gcc/arm-none-eabi/14.1.0/thumb/v7-m/nofp/libgcc.a(_dvmd_tls.o)
__aeabi_uidiv                                     /usr/lib/gcc/arm-none-eabi/14.1.0/thumb/v7-m/nofp/libgcc.a(_udivsi3.o)
                                                  /usr/arm-none-eabi/lib//libc.a(libc_a-freer.o)
__aeabi_uidivmod                                  /usr/lib/gcc/arm-none-eabi/14.1.0/thumb/v7-m/nofp/libgcc.a(_udivsi3.o)
__atexit                                          /usr/arm-none-eabi/lib//libc.a(libc_a-__call_atexit.o)
                                                  /usr/arm-none-eabi/lib//libc.a(libc_a-__atexit.o)
__atexit0                                         /usr/arm-none-eabi/lib//libc.a(libc_a-__atexit.o)
__atexit_recursive_mutex                          /usr/arm-none-eabi/lib//libc.a(libc_a-__call_atexit.o)
                                                  /usr/arm-none-eabi/lib//libc.a(libc_a-__atexit.o)
__bss_end__                                       /usr/lib/gcc/arm-none-eabi/14.1.0/../../../../arm-none-eabi/lib/thumb/v7-m/nofp/crt0.o
__bss_start__                                     /usr/lib/gcc/arm-none-eabi/14.1.0/../../../../arm-none-eabi/lib/thumb/v7-m/nofp/crt0.o
__call_exitprocs                                  /usr/arm-none-eabi/lib//libc.a(libc_a-__call_atexit.o)
                                                  /usr/arm-none-eabi/lib//libc.a(libc_a-exit.o)
__deregister_frame_info                           /usr/lib/gcc/arm-none-eabi/14.1.0/thumb/v7-m/nofp/crtbegin.o
__dso_handle                                      /usr/lib/gcc/arm-none-eabi/14.1.0/thumb/v7-m/nofp/crtbegin.o
__errno                                           /usr/arm-none-eabi/lib//libc.a(libc_a-errno.o)
                                                  /usr/arm-none-eabi/lib//libc.a(libc_a-sysconf.o)
__fini_array_end                                  /usr/arm-none-eabi/lib//libc.a(libc_a-fini.o)
__fini_array_start                                /usr/arm-none-eabi/lib//libc.a(libc_a-fini.o)
__fp_lock_all                                     /usr/arm-none-eabi/lib//libc.a(libc_a-findfp.o)
__fp_unlock_all                                   /usr/arm-none-eabi/lib//libc.a(libc_a-findfp.o)
__get_BASEPRI                                     build/core_cm3.o
__get_CONTROL                                     build/core_cm3.o
__get_FAULTMASK                                   build/core_cm3.o
__get_MSP                                         build/core_cm3.o
__get_PRIMASK                                     build/core_cm3.o
__get_PSP                                         build/core_cm3.o
__init_array_end                                  /usr/arm-none-eabi/lib//libc.a(libc_a-init.o)
__init_array_start                                /usr/arm-none-eabi/lib//libc.a(libc_a-init.o)
__libc_fini                                       /usr/arm-none-eabi/lib//libc.a(libc_a-__call_atexit.o)
__libc_fini_array                                 /usr/arm-none-eabi/lib//libc.a(libc_a-fini.o)
                                                  /usr/arm-none-eabi/lib//libc.a(libc_a-__call_atexit.o)
                                                  /usr/lib/gcc/arm-none-eabi/14.1.0/../../../../arm-none-eabi/lib/thumb/v7-m/nofp/crt0.o
__libc_init_array                                 /usr/arm-none-eabi/lib//libc.a(libc_a-init.o)
                                                  /usr/lib/gcc/arm-none-eabi/14.1.0/../../../../arm-none-eabi/lib/thumb/v7-m/nofp/crt0.o
__lock___arc4random_mutex                         /usr/arm-none-eabi/lib//libc.a(libc_a-lock.o)
__lock___at_quick_exit_mutex                      /usr/arm-none-eabi/lib//libc.a(libc_a-lock.o)
__lock___atexit_recursive_mutex                   /usr/arm-none-eabi/lib//libc.a(libc_a-lock.o)
                                                  /usr/arm-none-eabi/lib//libc.a(libc_a-__call_atexit.o)
__lock___dd_hash_mutex                            /usr/arm-none-eabi/lib//libc.a(libc_a-lock.o)
__lock___env_recursive_mutex                      /usr/arm-none-eabi/lib//libc.a(libc_a-lock.o)
__lock___malloc_recursive_mutex                   /usr/arm-none-eabi/lib//libc.a(libc_a-lock.o)
                                                  /usr/arm-none-eabi/lib//libc.a(libc_a-mlock.o)
__lock___sfp_recursive_mutex                      /usr/arm-none-eabi/lib//libc.a(libc_a-lock.o)
                                                  /usr/arm-none-eabi/lib//libc.a(libc_a-findfp.o)
__lock___tz_mutex                                 /usr/arm-none-eabi/lib//libc.a(libc_a-lock.o)
__malloc_av_                                      /usr/arm-none-eabi/lib//libc.a(libc_a-mallocr.o)
                                                  /usr/arm-none-eabi/lib//libc.a(libc_a-freer.o)
__malloc_current_mallinfo                         /usr/arm-none-eabi/lib//libc.a(libc_a-mallocr.o)
                                                  /usr/arm-none-eabi/lib//libc.a(libc_a-freer.o)
__malloc_lock                                     /usr/arm-none-eabi/lib//libc.a(libc_a-mlock.o)
                                                  /usr/arm-none-eabi/lib//libc.a(libc_a-mallocr.o)
                                                  /usr/arm-none-eabi/lib//libc.a(libc_a-freer.o)
__malloc_max_sbrked_mem                           /usr/arm-none-eabi/lib//libc.a(libc_a-mallocr.o)
__malloc_max_total_mem                            /usr/arm-none-eabi/lib//libc.a(libc_a-mallocr.o)
__malloc_sbrk_base                                /usr/arm-none-eabi/lib//libc.a(libc_a-mallocr.o)
                                                  /usr/arm-none-eabi/lib//libc.a(libc_a-freer.o)
__malloc_top_pad                                  /usr/arm-none-eabi/lib//libc.a(libc_a-mallocr.o)
                                                  /usr/arm-none-eabi/lib//libc.a(libc_a-freer.o)
__malloc_trim_threshold                           /usr/arm-none-eabi/lib//libc.a(libc_a-mallocr.o)
                                                  /usr/arm-none-eabi/lib//libc.a(libc_a-freer.o)
__malloc_unlock                                   /usr/arm-none-eabi/lib//libc.a(libc_a-mlock.o)
                                                  /usr/arm-none-eabi/lib//libc.a(libc_a-mallocr.o)
                                                  /usr/arm-none-eabi/lib//libc.a(libc_a-freer.o)
__preinit_array_end                               /usr/arm-none-eabi/lib//libc.a(libc_a-init.o)
__preinit_array_start                             /usr/arm-none-eabi/lib//libc.a(libc_a-init.o)
__register_exitproc                               /usr/arm-none-eabi/lib//libc.a(libc_a-__atexit.o)
                                                  /usr/arm-none-eabi/lib//libc.a(libc_a-atexit.o)
__register_frame_info                             /usr/lib/gcc/arm-none-eabi/14.1.0/thumb/v7-m/nofp/crtbegin.o
__retarget_lock_acquire                           /usr/arm-none-eabi/lib//libc.a(libc_a-lock.o)
__retarget_lock_acquire_recursive                 /usr/arm-none-eabi/lib//libc.a(libc_a-lock.o)
                                                  /usr/arm-none-eabi/lib//libc.a(libc_a-fflush.o)
                                                  /usr/arm-none-eabi/lib//libc.a(libc_a-fclose.o)
                                                  /usr/arm-none-eabi/lib//libc.a(libc_a-mlock.o)
                                                  /usr/arm-none-eabi/lib//libc.a(libc_a-__call_atexit.o)
                                                  /usr/arm-none-eabi/lib//libc.a(libc_a-__atexit.o)
                                                  /usr/arm-none-eabi/lib//libc.a(libc_a-findfp.o)
__retarget_lock_close                             /usr/arm-none-eabi/lib//libc.a(libc_a-lock.o)
__retarget_lock_close_recursive                   /usr/arm-none-eabi/lib//libc.a(libc_a-lock.o)
                                                  /usr/arm-none-eabi/lib//libc.a(libc_a-fclose.o)
__retarget_lock_init                              /usr/arm-none-eabi/lib//libc.a(libc_a-lock.o)
__retarget_lock_init_recursive                    /usr/arm-none-eabi/lib//libc.a(libc_a-lock.o)
                                                  /usr/arm-none-eabi/lib//libc.a(libc_a-findfp.o)
__retarget_lock_release                           /usr/arm-none-eabi/lib//libc.a(libc_a-lock.o)
__retarget_lock_release_recursive                 /usr/arm-none-eabi/lib//libc.a(libc_a-lock.o)
                                                  /usr/arm-none-eabi/lib//libc.a(libc_a-fflush.o)
                                                  /usr/arm-none-eabi/lib//libc.a(libc_a-fclose.o)
                                                  /usr/arm-none-eabi/lib//libc.a(libc_a-mlock.o)
                                                  /usr/arm-none-eabi/lib//libc.a(libc_a-__call_atexit.o)
                                                  /usr/arm-none-eabi/lib//libc.a(libc_a-__atexit.o)
                                                  /usr/arm-none-eabi/lib//libc.a(libc_a-findfp.o)
__retarget_lock_try_acquire                       /usr/arm-none-eabi/lib//libc.a(libc_a-lock.o)
__retarget_lock_try_acquire_recursive             /usr/arm-none-eabi/lib//libc.a(libc_a-lock.o)
__sclose                                          /usr/arm-none-eabi/lib//libc.a(libc_a-stdio.o)
                                                  /usr/arm-none-eabi/lib//libc.a(libc_a-findfp.o)
__seofread                                        /usr/arm-none-eabi/lib//libc.a(libc_a-stdio.o)
__set_BASEPRI                                     build/core_cm3.o
__set_CONTROL                                     build/core_cm3.o
__set_FAULTMASK                                   build/core_cm3.o
__set_MSP                                         build/core_cm3.o
__set_PRIMASK                                     build/core_cm3.o
__set_PSP                                         build/core_cm3.o
__sf                                              /usr/arm-none-eabi/lib//libc.a(libc_a-findfp.o)
                                                  /usr/arm-none-eabi/lib//libc.a(libc_a-impure.o)
__sflush_r                                        /usr/arm-none-eabi/lib//libc.a(libc_a-fflush.o)
                                                  /usr/arm-none-eabi/lib//libc.a(libc_a-fclose.o)
__sfp                                             /usr/arm-none-eabi/lib//libc.a(libc_a-findfp.o)
__sfp_lock_acquire                                /usr/arm-none-eabi/lib//libc.a(libc_a-findfp.o)
                                                  /usr/arm-none-eabi/lib//libc.a(libc_a-fclose.o)
__sfp_lock_release                                /usr/arm-none-eabi/lib//libc.a(libc_a-findfp.o)
                                                  /usr/arm-none-eabi/lib//libc.a(libc_a-fclose.o)
__sglue                                           /usr/arm-none-eabi/lib//libc.a(libc_a-findfp.o)
                                                  /usr/arm-none-eabi/lib//libc.a(libc_a-fflush.o)
__sinit                                           /usr/arm-none-eabi/lib//libc.a(libc_a-findfp.o)
                                                  /usr/arm-none-eabi/lib//libc.a(libc_a-fflush.o)
                                                  /usr/arm-none-eabi/lib//libc.a(libc_a-fclose.o)
__sread                                           /usr/arm-none-eabi/lib//libc.a(libc_a-stdio.o)
                                                  /usr/arm-none-eabi/lib//libc.a(libc_a-findfp.o)
__sseek                                           /usr/arm-none-eabi/lib//libc.a(libc_a-stdio.o)
                                                  /usr/arm-none-eabi/lib//libc.a(libc_a-findfp.o)
__stack                                           /usr/lib/gcc/arm-none-eabi/14.1.0/../../../../arm-none-eabi/lib/thumb/v7-m/nofp/crt0.o
__stdio_exit_handler                              /usr/arm-none-eabi/lib//libc.a(libc_a-findfp.o)
                                                  /usr/arm-none-eabi/lib//libc.a(libc_a-exit.o)
__swrite                                          /usr/arm-none-eabi/lib//libc.a(libc_a-stdio.o)
                                                  /usr/arm-none-eabi/lib//libc.a(libc_a-findfp.o)
__udivsi3                                         /usr/lib/gcc/arm-none-eabi/14.1.0/thumb/v7-m/nofp/libgcc.a(_udivsi3.o)
_close                                            /usr/arm-none-eabi/lib//libnosys.a(close.o)
                                                  /usr/arm-none-eabi/lib//libc.a(libc_a-closer.o)
_close_r                                          /usr/arm-none-eabi/lib//libc.a(libc_a-closer.o)
                                                  /usr/arm-none-eabi/lib//libc.a(libc_a-stdio.o)
_ebss                                             build/startup_stm32f10x_hd.o
_edata                                            build/startup_stm32f10x_hd.o
_estack                                           build/startup_stm32f10x_hd.o
_exit                                             /usr/arm-none-eabi/lib//libnosys.a(_exit.o)
                                                  /usr/arm-none-eabi/lib//libc.a(libc_a-exit.o)
_fclose_r                                         /usr/arm-none-eabi/lib//libc.a(libc_a-fclose.o)
                                                  /usr/arm-none-eabi/lib//libc.a(libc_a-findfp.o)
_fflush_r                                         /usr/arm-none-eabi/lib//libc.a(libc_a-fflush.o)
_fini                                             /usr/lib/gcc/arm-none-eabi/14.1.0/thumb/v7-m/nofp/crti.o
                                                  /usr/arm-none-eabi/lib//libc.a(libc_a-fini.o)
_free_r                                           /usr/arm-none-eabi/lib//libc.a(libc_a-freer.o)
                                                  /usr/arm-none-eabi/lib//libc.a(libc_a-fflush.o)
                                                  /usr/arm-none-eabi/lib//libc.a(libc_a-fclose.o)
                                                  /usr/arm-none-eabi/lib//libc.a(libc_a-mallocr.o)
                                                  /usr/arm-none-eabi/lib//libc.a(libc_a-reent.o)
_fwalk_sglue                                      /usr/arm-none-eabi/lib//libc.a(libc_a-fwalk.o)
                                                  /usr/arm-none-eabi/lib//libc.a(libc_a-fflush.o)
                                                  /usr/arm-none-eabi/lib//libc.a(libc_a-findfp.o)
_impure_data                                      /usr/arm-none-eabi/lib//libc.a(libc_a-impure.o)
                                                  /usr/arm-none-eabi/lib//libc.a(libc_a-fflush.o)
                                                  /usr/arm-none-eabi/lib//libc.a(libc_a-findfp.o)
_impure_ptr                                       /usr/arm-none-eabi/lib//libc.a(libc_a-impure.o)
                                                  /usr/arm-none-eabi/lib//libc.a(libc_a-errno.o)
                                                  /usr/arm-none-eabi/lib//libc.a(libc_a-fflush.o)
                                                  /usr/arm-none-eabi/lib//libc.a(libc_a-fclose.o)
                                                  /usr/arm-none-eabi/lib//libc.a(libc_a-reent.o)
_init                                             /usr/lib/gcc/arm-none-eabi/14.1.0/thumb/v7-m/nofp/crti.o
                                                  /usr/arm-none-eabi/lib//libc.a(libc_a-init.o)
_lseek                                            /usr/arm-none-eabi/lib//libnosys.a(lseek.o)
                                                  /usr/arm-none-eabi/lib//libc.a(libc_a-lseekr.o)
_lseek_r                                          /usr/arm-none-eabi/lib//libc.a(libc_a-lseekr.o)
                                                  /usr/arm-none-eabi/lib//libc.a(libc_a-stdio.o)
_mainCRTStartup                                   /usr/lib/gcc/arm-none-eabi/14.1.0/../../../../arm-none-eabi/lib/thumb/v7-m/nofp/crt0.o
_malloc_r                                         /usr/arm-none-eabi/lib//libc.a(libc_a-mallocr.o)
                                                  /usr/arm-none-eabi/lib//libc.a(libc_a-findfp.o)
_malloc_trim_r                                    /usr/arm-none-eabi/lib//libc.a(libc_a-freer.o)
_read                                             /usr/arm-none-eabi/lib//libnosys.a(read.o)
                                                  /usr/arm-none-eabi/lib//libc.a(libc_a-readr.o)
_read_r                                           /usr/arm-none-eabi/lib//libc.a(libc_a-readr.o)
                                                  /usr/arm-none-eabi/lib//libc.a(libc_a-stdio.o)
_reclaim_reent                                    /usr/arm-none-eabi/lib//libc.a(libc_a-reent.o)
_sbrk                                             /usr/arm-none-eabi/lib//libnosys.a(sbrk.o)
                                                  /usr/arm-none-eabi/lib//libc.a(libc_a-sbrkr.o)
_sbrk_r                                           /usr/arm-none-eabi/lib//libc.a(libc_a-sbrkr.o)
                                                  /usr/arm-none-eabi/lib//libc.a(libc_a-mallocr.o)
                                                  /usr/arm-none-eabi/lib//libc.a(libc_a-freer.o)
_sbss                                             build/startup_stm32f10x_hd.o
_sdata                                            build/startup_stm32f10x_hd.o
_sidata                                           build/startup_stm32f10x_hd.o
_stack_init                                       /usr/lib/gcc/arm-none-eabi/14.1.0/../../../../arm-none-eabi/lib/thumb/v7-m/nofp/crt0.o
_start                                            /usr/lib/gcc/arm-none-eabi/14.1.0/../../../../arm-none-eabi/lib/thumb/v7-m/nofp/crt0.o
_write                                            /usr/arm-none-eabi/lib//libnosys.a(write.o)
                                                  /usr/arm-none-eabi/lib//libc.a(libc_a-writer.o)
_write_r                                          /usr/arm-none-eabi/lib//libc.a(libc_a-writer.o)
                                                  /usr/arm-none-eabi/lib//libc.a(libc_a-stdio.o)
atexit                                            /usr/arm-none-eabi/lib//libc.a(libc_a-atexit.o)
                                                  /usr/arm-none-eabi/lib//libc.a(libc_a-__call_atexit.o)
                                                  /usr/lib/gcc/arm-none-eabi/14.1.0/../../../../arm-none-eabi/lib/thumb/v7-m/nofp/crt0.o
end                                               /usr/arm-none-eabi/lib//libnosys.a(sbrk.o)
errno                                             /usr/arm-none-eabi/lib//libc.a(libc_a-reent.o)
                                                  /usr/arm-none-eabi/lib//libnosys.a(write.o)
                                                  /usr/arm-none-eabi/lib//libnosys.a(read.o)
                                                  /usr/arm-none-eabi/lib//libnosys.a(lseek.o)
                                                  /usr/arm-none-eabi/lib//libnosys.a(close.o)
                                                  /usr/arm-none-eabi/lib//libc.a(libc_a-sbrkr.o)
                                                  /usr/arm-none-eabi/lib//libc.a(libc_a-writer.o)
                                                  /usr/arm-none-eabi/lib//libc.a(libc_a-readr.o)
                                                  /usr/arm-none-eabi/lib//libc.a(libc_a-lseekr.o)
                                                  /usr/arm-none-eabi/lib//libc.a(libc_a-closer.o)
exit                                              /usr/arm-none-eabi/lib//libc.a(libc_a-exit.o)
                                                  /usr/lib/gcc/arm-none-eabi/14.1.0/../../../../arm-none-eabi/lib/thumb/v7-m/nofp/crt0.o
fclose                                            /usr/arm-none-eabi/lib//libc.a(libc_a-fclose.o)
fflush                                            /usr/arm-none-eabi/lib//libc.a(libc_a-fflush.o)
g_pfnVectors                                      build/startup_stm32f10x_hd.o
hardware_init_hook                                /usr/lib/gcc/arm-none-eabi/14.1.0/../../../../arm-none-eabi/lib/thumb/v7-m/nofp/crt0.o
main                                              build/main.o
                                                  build/startup_stm32f10x_hd.o
                                                  /usr/lib/gcc/arm-none-eabi/14.1.0/../../../../arm-none-eabi/lib/thumb/v7-m/nofp/crt0.o
memset                                            /usr/arm-none-eabi/lib//libc.a(libc_a-memset.o)
                                                  /usr/arm-none-eabi/lib//libc.a(libc_a-findfp.o)
                                                  /usr/lib/gcc/arm-none-eabi/14.1.0/../../../../arm-none-eabi/lib/thumb/v7-m/nofp/crt0.o
software_init_hook                                /usr/lib/gcc/arm-none-eabi/14.1.0/../../../../arm-none-eabi/lib/thumb/v7-m/nofp/crt0.o
sysconf                                           /usr/arm-none-eabi/lib//libc.a(libc_a-sysconf.o)
                                                  /usr/arm-none-eabi/lib//libc.a(libc_a-mallocr.o)
                                                  /usr/arm-none-eabi/lib//libc.a(libc_a-freer.o)
